========== 端到端可运行验证 ==========
时间: 2026-06-28T19:54:25.635Z
URL: http://localhost:5600/

【需求1: 智慧大屏无滑轮滚动】
  body overflow = hidden  ✅
  html overflow = hidden  ✅
  显示态溢出滚动条数量 = 0  ✅ []

【需求2: 首屏内容过多用自动播放轮播】
  任务池当前页 = 0
  告警锚点当前页 = 0
  等待 5.5 秒观察自动翻页...
  任务池翻页后 = 1  ✅ 自动翻页成功
  告警锚点翻页后 = 1  ✅ 自动翻页成功
  Space 切换: active false→true→false  ✅ 双向切换

【需求3: 页面分辨率适配】
  1080P (1920x1080): UI层=1920x1080 地图层=1920x1080 地图全屏=true  ✅
  2K (2560x1440): UI层=1920x1080 地图层=2560x1440 地图全屏=true  ✅
  4K (3840x2160): UI层=1920x1080 地图层=3840x2160 地图全屏=true  ✅
  小屏 (1366x768): UI层=1920x1080 地图层=1366x768 地图全屏=true  ✅

【需求4: 交互效果完善 - 告警闭环6按钮】
  告警详情弹窗按钮: ["可见光追踪","热红外追踪","巡检异状片段","远控复核","确认发单处置","现场已查无异常"]
  6闭环按钮齐全: ✅
【交互: 审计日志弹窗】
  审计日志: title="审计日志
共 2 条" rows=3 ✅
【交互: 强检设备30/15/5/0天梯度表】
  强检设备: title="🔧 强检设备详情
E区-3#烟雾报警器" 梯度表=✅
【交互: 时间轴节点】
  时间轴节点数 = 5  ✅

========== 汇总 ==========
✅ 通过: 14 项
❌ 失败: 0 项
总计: 14 项